     66     66    525 
------------------------
     22     22    175 
------------------------
     22     22    175 
4 file descriptors used.
4 file descriptors used.
4 file descriptors used.
4 file descriptors used.
4 file descriptors used.
