--- Suite 1 ---
Test  1 : echo simple commands
Command:/mnt/Shell/minixShell/mshell < /mnt/Shell/testShell/suites/1/input/1.in > /mnt/Shell/testShell/suites/1/output/1.out 2>/mnt/Shell/testShell/suites/1/output/1.err
FAIL
Test  11 : echo simple commands + splitter
Command:specific see  /mnt/Shell/testShell/suites/1/exec/11.exec
FAIL
Test  12 : # empty lines + splitter
Command:specific see  /mnt/Shell/testShell/suites/1/exec/12.exec
FAIL
Test  13 : # long file + splitter
Command:specific see  /mnt/Shell/testShell/suites/1/exec/13.exec
FAIL
Test  14 : # long lines + splitter
Command:specific see  /mnt/Shell/testShell/suites/1/exec/14.exec
FAIL
Test  15 : # last line not ended with '\n' + splitter
Command:specific see  /mnt/Shell/testShell/suites/1/exec/15.exec
FAIL
Test  16 : # exec errors + splitter
Command:specific see  /mnt/Shell/testShell/suites/1/exec/16.exec
OK
Test  2 : # empty lines
Command:/mnt/Shell/minixShell/mshell < /mnt/Shell/testShell/suites/1/input/2.in > /mnt/Shell/testShell/suites/1/output/2.out 2>/mnt/Shell/testShell/suites/1/output/2.err
FAIL
Test  3 : # long file 
Command:/mnt/Shell/minixShell/mshell < /mnt/Shell/testShell/suites/1/input/3.in > /mnt/Shell/testShell/suites/1/output/3.out 2>/mnt/Shell/testShell/suites/1/output/3.err
FAIL
Test  4 : # long lines
Command:/mnt/Shell/minixShell/mshell < /mnt/Shell/testShell/suites/1/input/4.in > /mnt/Shell/testShell/suites/1/output/4.out 2>/mnt/Shell/testShell/suites/1/output/4.err
FAIL
Test  5 : # last line not ended with '\n'
Command:/mnt/Shell/minixShell/mshell < /mnt/Shell/testShell/suites/1/input/5.in > /mnt/Shell/testShell/suites/1/output/5.out 2>/mnt/Shell/testShell/suites/1/output/5.err
FAIL
Test  6 : # exec errors
Command:/mnt/Shell/minixShell/mshell < /mnt/Shell/testShell/suites/1/input/6.in > /mnt/Shell/testShell/suites/1/output/6.out 2>/mnt/Shell/testShell/suites/1/output/6.err
OK

--- Suite 2 ---
Test  1 : # builtin exit
Command:/mnt/Shell/minixShell/mshell < /mnt/Shell/testShell/suites/2/input/1.in > /mnt/Shell/testShell/suites/2/output/1.out 2>/mnt/Shell/testShell/suites/2/output/1.err
OK
Test  2 : # builtin lcd
Command:/mnt/Shell/minixShell/mshell < /mnt/Shell/testShell/suites/2/input/2.in > /mnt/Shell/testShell/suites/2/output/2.out 2>/mnt/Shell/testShell/suites/2/output/2.err
OK
Test  3 : # builtin lcd no arguments
Command:/mnt/Shell/minixShell/mshell < /mnt/Shell/testShell/suites/2/input/3.in > /mnt/Shell/testShell/suites/2/output/3.out 2>/mnt/Shell/testShell/suites/2/output/3.err
OK
Test  4 : # builtin lls
Command:specific see  /mnt/Shell/testShell/suites/2/exec/4.exec
FAIL
Test  5 : lkill -10 25267 
Command:specific see  /mnt/Shell/testShell/suites/2/exec/5.exec
OK
Test  6 : lkill -2 25281 
Command:specific see  /mnt/Shell/testShell/suites/2/exec/6.exec
OK
Test  7 : # raporting errors
Command:/mnt/Shell/minixShell/mshell < /mnt/Shell/testShell/suites/2/input/7.in > /mnt/Shell/testShell/suites/2/output/7.out 2>/mnt/Shell/testShell/suites/2/output/7.err
OK

--- Suite 3 ---
Test  1 : # basic redirections
Command:/mnt/Shell/minixShell/mshell < /mnt/Shell/testShell/suites/3/input/1.in > /mnt/Shell/testShell/suites/3/output/1.out 2>/mnt/Shell/testShell/suites/3/output/1.err
FAIL
Test  2 : # many redirections
Command:/mnt/Shell/minixShell/mshell < /mnt/Shell/testShell/suites/3/input/2.in > /mnt/Shell/testShell/suites/3/output/2.out 2>/mnt/Shell/testShell/suites/3/output/2.err
OK
Test  3 : # redirections - counting used descriptors
Command:/mnt/Shell/minixShell/mshell < /mnt/Shell/testShell/suites/3/input/3.in > /mnt/Shell/testShell/suites/3/output/3.out 2>/mnt/Shell/testShell/suites/3/output/3.err
FAIL
Test  4 : # redirection errors
Command:/mnt/Shell/minixShell/mshell < /mnt/Shell/testShell/suites/3/input/4.in > /mnt/Shell/testShell/suites/3/output/4.out 2>/mnt/Shell/testShell/suites/3/output/4.err
FAIL
Test  5 : # simple pipes
Command:/mnt/Shell/minixShell/mshell < /mnt/Shell/testShell/suites/3/input/5.in > /mnt/Shell/testShell/suites/3/output/5.out 2>/mnt/Shell/testShell/suites/3/output/5.err
FAIL
Test  6 : # pipes - counting used descriptors
Command:/mnt/Shell/minixShell/mshell < /mnt/Shell/testShell/suites/3/input/6.in > /mnt/Shell/testShell/suites/3/output/6.out 2>/mnt/Shell/testShell/suites/3/output/6.err
FAIL
Test  7 : # multiple pipelines per line
Command:/mnt/Shell/minixShell/mshell < /mnt/Shell/testShell/suites/3/input/7.in > /mnt/Shell/testShell/suites/3/output/7.out 2>/mnt/Shell/testShell/suites/3/output/7.err
FAIL

--- Suite 4 ---
Test  1 : # simple zombies
Command: