Makefile
Makefile
bin
chdir to pm
chdir to servers
core.2236
core.2248
core.2256
core.2258
core.2266
core.2268
core.2276
core.2278
core.2286
core.2288
core.2296
core.2298
core.2306
core.2308
core.2316
core.2318
core.2326
core.2328
core.2336
core.2338
core.2346
core.2348
core.2356
core.2358
core.2366
core.2368
core.2376
core.2378
core.2386
core.2388
core.2396
core.2398
core.2406
core.2408
core.2416
core.2418
core.2426
core.2428
core.2436
core.2438
core.2446
core.2448
core.2456
core.2458
core.2466
core.2468
core.2476
core.2478
core.2486
core.2488
core.2496
core.2498
core.2506
core.2508
core.2515
core.2517
core.2525
core.2527
core.2535
core.2537
done
fs
fs
init
init
pm
pm
rs
rs
servers
